BEGIN:VCALENDAR
PRODID:-//K Desktop Environment//NONSGML libkcal 3.2//EN
VERSION:2.0
BEGIN:VEVENT
DTSTAMP:20040215T203658Z
ORGANIZER:MAILTO:
CREATED:20040215T203658Z
UID:SYNCTEST1_EVENT_1
SEQUENCE:0
LAST-MODIFIED:20040215T203658Z
SUMMARY:Event 1
CLASS:PUBLIC
PRIORITY:3
DTSTART:20040215T120000Z
DTEND:20040215T130000Z
TRANSP:OPAQUE
END:VEVENT

BEGIN:VEVENT
DTSTAMP:20040215T203658Z
ORGANIZER:MAILTO:
CREATED:20040215T203658Z
UID:SYNCTEST1_EVENT_2
SEQUENCE:0
LAST-MODIFIED:20040215T203658Z
SUMMARY:Modified event 2
CLASS:PUBLIC
PRIORITY:3
DTSTART:20040215T140000Z
DTEND:20040215T150000Z
TRANSP:OPAQUE
END:VEVENT

END:VCALENDAR

