BEGIN:VCARD
EMAIL;TYPE=PREF:hw@abc.de
FN:Haenschen Wuerstchen
N:Wuerstchen;Haenschen;;;
REV:2004-05-09T03:23:43Z
UID:SYNCTEST3_ADDRESSEE_1
VERSION:3.0
END:VCARD

BEGIN:VCARD
EMAIL;TYPE=PREF:zn@abc.de
FN:Zwergchen Naeschen
N:Naeschen;Zwergchen;;;
REV:2004-05-09T03:23:43Z
UID:SYNCTEST3_ADDRESSEE_2
VERSION:3.0
END:VCARD

