BEGIN:VCARD
EMAIL;TYPE=PREF:hw@abc.de
FN:Haenschen Wuerstchen
N:Wuerstchen;Haenschen;;;
REV:2004-02-17T14:30:43Z
UID:SYNCTEST3_ADDRESSEE_1
VERSION:3.0
END:VCARD

BEGIN:VCARD
EMAIL;TYPE=PREF:zn@abc.de
FN:Zwerg Nase
N:Nase;Zwerg;;;
REV:2000-01-01T12:00:00Z
UID:SYNCTEST3_ADDRESSEE_2
VERSION:3.0
END:VCARD

