BEGIN:VCALENDAR
PRODID:-//K Desktop Environment//NONSGML libkcal 3.2//EN
VERSION:2.0
BEGIN:VEVENT
DTSTAMP:20040122T092708Z
ORGANIZER:MAILTO:srhaque at ncube.com
X-MICROSOFT-CDO-ALLDAYEVENT:FALSE
X-MICROSOFT-CDO-BUSYSTATUS:BUSY
X-MICROSOFT-CDO-IMPORTANCE:1
X-MICROSOFT-CDO-INSTTYPE:1
X-MICROSOFT-CDO-INTENDEDSTATUS:BUSY
X-MICROSOFT-CDO-OWNERAPPTID:-1
CREATED:20031111T180542Z
UID:CD0000008B9511D182D800C04FB1625D2F076BC90B1B8C4E89EAD0A2BC0FC5B7
SEQUENCE:0
LAST-MODIFIED:20031111T180554Z
SUMMARY:Bob Bond's staff
CLASS:PUBLIC
PRIORITY:5
RRULE:FREQ=WEEKLY;INTERVAL=1;BYDAY=MO
DTSTART:20031110T180000Z
DTEND:20031110T190000Z
TRANSP:OPAQUE
END:VEVENT

END:VCALENDAR

